// Vitest Snapshot v1

exports[`AddCoupon test > AddCoupon Tested 1`] = `undefined`;
