// Vitest Snapshot v1

exports[`EditCoupon test > EditCoupon Tested 1`] = `undefined`;
